2026-09-13 17:46:33,785 INFO tick ispark       rows=247       385 ms
2026-09-13 17:46:53,914 INFO GTFS loaded from /Users/muratates/code/istanbul-nabiz/data/reference/gtfs: 15386 stops (4 dropped), 9274 routes (5 dropped)
2026-09-13 17:46:53,973 INFO tick lines        rows=41      20188 ms
2026-09-13 17:46:57,578 INFO tick metro        rows=1        3604 ms
2026-09-13 17:47:03,812 INFO tick traffic      rows=3        6234 ms
2026-09-13 17:49:57,791 INFO tick air_quality  rows=700    173977 ms
2026-09-13 17:50:06,232 INFO collector stopped; totals: {'ispark': 15337, 'eta_predictions': 2288, 'lines': 5942, 'metro': 13, 'traffic': 12, 'air_quality': 2800}
2026-09-13 17:53:34,915 INFO tick ispark       rows=247       582 ms
2026-09-13 17:53:58,372 INFO GTFS loaded from /Users/muratates/code/istanbul-nabiz/data/reference/gtfs: 15386 stops (4 dropped), 9274 routes (5 dropped)
2026-09-13 17:53:58,626 INFO tick lines        rows=41      23710 ms
2026-09-13 17:53:59,033 INFO tick metro        rows=1         407 ms
2026-09-13 17:54:04,775 INFO tick traffic      rows=3        5741 ms
2026-09-13 17:56:59,789 INFO tick air_quality  rows=700    175010 ms
2026-09-13 17:57:32,946 INFO tick lines        rows=41      13080 ms
2026-09-13 18:00:46,041 INFO tick lines        rows=44      12670 ms
2026-09-13 18:03:49,865 INFO tick ispark       rows=247      1535 ms
2026-09-13 18:04:09,198 INFO tick lines        rows=44      19327 ms
2026-09-13 18:07:23,311 INFO tick lines        rows=42      13531 ms
2026-09-13 18:10:39,405 INFO tick lines        rows=43      15654 ms
2026-09-13 18:13:54,519 INFO tick lines        rows=42      13575 ms
2026-09-13 18:14:15,641 INFO tick ispark       rows=247       977 ms
2026-09-13 18:17:09,543 INFO tick lines        rows=39      13302 ms
2026-09-13 18:20:23,858 INFO tick lines        rows=40      13682 ms
2026-09-13 18:23:38,449 INFO tick lines        rows=40      13722 ms
2026-09-13 18:24:20,016 INFO tick ispark       rows=247      1228 ms
2026-09-13 18:26:54,876 INFO tick lines        rows=39      13962 ms
2026-09-13 18:30:11,898 INFO tick lines        rows=36      15581 ms
